Server name: 

- hearts/stars in channel names
- role selector
- role on join
- join to create temp vc with control like like VCmaster or Dadscord (lock, unlock, transfer, set limit, etc)
- 




make a /embed command builder aswell

supporting md like


# ࿔:･❥>~Zoomies~< ❥ ࿔:･-# ⋆｡˚ a tiny friend server for hanging out & playing games ˚｡⋆


꒷︶♡︶꒷


## ₊˚⊹ about ⊹˚₊
Zoomies is a cozy little server for friends to hang out and play games together


## ❀ where to go
- #✿・front-door・❀ say hi and see who's around
- #ʚ♡ɞ・living-room・ʚ♡ɞ everyday chatting
- #༄・game-pings・༄ grab your game roles
- #₊˚⊹・pawlicies・⊹˚₊ our few simple rules


꒷︶♡︶꒷


## ༄ game roles
Pick roles for the games you play and you'll only get pinged when someone wants to play:
> > ✧ coming soon


||## ෆ meet Mizu ・ (**coming soon**)
Mizu is our little community helper. she helps keep things fun and chaotic||


꒷︶♡︶꒷

with custom title, image, banner etc with preview and a button to confirm like this bot

D:\- File Backup\Files\Projects\Clients\Discord Bots\EloHunters

except no need for products command just a /embed command as customizable as that